Copyright 1986-2021 Xilinx, Inc. All Rights Reserved.
------------------------------------------------------------------------------------
| Tool Version : Vivado v.2021.1 (win64) Build 3247384 Thu Jun 10 19:36:33 MDT 2021
| Date         : Mon Jan 17 03:43:02 2022
| Host         : DESKTOP-HK49RQQ running 64-bit major release  (build 9200)
| Command      : report_control_sets -verbose -file Top_control_sets_placed.rpt
| Design       : Top
| Device       : xc7a35t
------------------------------------------------------------------------------------

Control Set Information

Table of Contents
-----------------
1. Summary
2. Histogram
3. Flip-Flop Distribution
4. Detailed Control Set Information

1. Summary
----------

+----------------------------------------------------------+-------+
|                          Status                          | Count |
+----------------------------------------------------------+-------+
| Total control sets                                       |    32 |
|    Minimum number of control sets                        |    32 |
|    Addition due to synthesis replication                 |     0 |
|    Addition due to physical synthesis replication        |     0 |
| Unused register locations in slices containing registers |   104 |
+----------------------------------------------------------+-------+
* Control sets can be merged at opt_design using control_set_merge or merge_equivalent_drivers
** Run report_qor_suggestions for automated merging and remapping suggestions


2. Histogram
------------

+--------------------+-------+
|       Fanout       | Count |
+--------------------+-------+
| Total control sets |    32 |
| >= 0 to < 4        |     1 |
| >= 4 to < 6        |     4 |
| >= 6 to < 8        |     6 |
| >= 8 to < 10       |     6 |
| >= 10 to < 12      |     6 |
| >= 12 to < 14      |     2 |
| >= 14 to < 16      |     1 |
| >= 16              |     6 |
+--------------------+-------+
* Control sets can be remapped at either synth_design or opt_design


3. Flip-Flop Distribution
-------------------------

+--------------+-----------------------+------------------------+-----------------+--------------+
| Clock Enable | Synchronous Set/Reset | Asynchronous Set/Reset | Total Registers | Total Slices |
+--------------+-----------------------+------------------------+-----------------+--------------+
| No           | No                    | No                     |             270 |          139 |
| No           | No                    | Yes                    |             198 |           96 |
| No           | Yes                   | No                     |              81 |           27 |
| Yes          | No                    | No                     |              77 |           29 |
| Yes          | No                    | Yes                    |              22 |            5 |
| Yes          | Yes                   | No                     |              56 |           16 |
+--------------+-----------------------+------------------------+-----------------+--------------+


4. Detailed Control Set Information
-----------------------------------

+--------------------------------------------------+----------------------------------------------------------------------------------------------------+----------------------------------------------------------------------------------------------------+------------------+----------------+--------------+
|                   Clock Signal                   |                                            Enable Signal                                           |                                          Set/Reset Signal                                          | Slice Load Count | Bel Load Count | Bels / Slice |
+--------------------------------------------------+----------------------------------------------------------------------------------------------------+----------------------------------------------------------------------------------------------------+------------------+----------------+--------------+
|  _mouse_screen/div26/clk26                       |                                                                                                    |                                                                                                    |                1 |              1 |         1.00 |
|  clk_IBUF_BUFG                                   | _d_onepulse/state_reg[2]_0[0]                                                                      | next_move                                                                                          |                1 |              4 |         4.00 |
|  clk_25MHz                                       |                                                                                                    | _mouse_screen/mouse_controller_inst/mouse_ctrl_inst/Inst_Ps2Interface/clk_inter0                   |                1 |              4 |         4.00 |
|  clk_25MHz                                       |                                                                                                    | _mouse_screen/mouse_controller_inst/mouse_ctrl_inst/Inst_Ps2Interface/data_inter0                  |                1 |              4 |         4.00 |
|  clk_25MHz                                       | _mouse_screen/mouse_controller_inst/mouse_ctrl_inst/Inst_Ps2Interface/shift_frame                  | _mouse_screen/mouse_controller_inst/mouse_ctrl_inst/Inst_Ps2Interface/reset_bit_count              |                1 |              4 |         4.00 |
|  clk_IBUF_BUFG                                   | next_animation_counter[7]_i_2_n_0                                                                  | next_animation_counter[7]_i_1_n_0                                                                  |                1 |              6 |         6.00 |
|  clk_IBUF_BUFG                                   | _mouse_screen/mouse_controller_inst/mouse_ctrl_inst/E[0]                                           |                                                                                                    |                2 |              6 |         3.00 |
|  clk_IBUF_BUFG                                   | _d_onepulse/E[0]                                                                                   |                                                                                                    |                3 |              6 |         2.00 |
|  clk_25MHz                                       | _mouse_screen/mouse_controller_inst/mouse_ctrl_inst/Inst_Ps2Interface/FSM_onehot_state_reg[0]_1    | rst_IBUF                                                                                           |                1 |              6 |         6.00 |
|  clk_25MHz                                       | _mouse_screen/mouse_controller_inst/mouse_ctrl_inst/Inst_Ps2Interface/rst                          |                                                                                                    |                2 |              7 |         3.50 |
|  clk_25MHz                                       | _mouse_screen/mouse_controller_inst/mouse_ctrl_inst/Inst_Ps2Interface/delay_63clk_count[6]_i_2_n_0 | _mouse_screen/mouse_controller_inst/mouse_ctrl_inst/Inst_Ps2Interface/delay_63clk_count[6]_i_1_n_0 |                2 |              7 |         3.50 |
|  clk_IBUF_BUFG                                   | CEA2                                                                                               |                                                                                                    |                7 |              8 |         1.14 |
|  clk_25MHz                                       | _mouse_screen/mouse_controller_inst/mouse_ctrl_inst/tx_data[7]_i_1_n_0                             |                                                                                                    |                2 |              8 |         4.00 |
|  clk_25MHz                                       | _mouse_screen/mouse_controller_inst/mouse_ctrl_inst/Inst_Ps2Interface/load_rx_data                 |                                                                                                    |                3 |              8 |         2.67 |
|  clk_25MHz                                       | _mouse_screen/mouse_controller_inst/mouse_ctrl_inst/Inst_Ps2Interface/FSM_onehot_state_reg[0]_0[0] | rst_IBUF                                                                                           |                2 |              8 |         4.00 |
|  clk_25MHz                                       | _mouse_screen/mouse_controller_inst/mouse_ctrl_inst/Inst_Ps2Interface/E[0]                         | rst_IBUF                                                                                           |                2 |              8 |         4.00 |
|  _seven_segment_controler/_led_clock_divider/CLK |                                                                                                    | rst_IBUF                                                                                           |                3 |              9 |         3.00 |
|  pb_debounced_delay_reg_i_1_n_0                  |                                                                                                    |                                                                                                    |                5 |             10 |         2.00 |
|  clk_25MHz                                       |                                                                                                    | _mouse_screen/vga/pixel_cnt[9]_i_1_n_0                                                             |                2 |             10 |         5.00 |
|  clk_25MHz                                       | _mouse_screen/mouse_controller_inst/mouse_ctrl_inst/Inst_Ps2Interface/frame[9]_i_1_n_0             |                                                                                                    |                2 |             10 |         5.00 |
|  clk_25MHz                                       | _mouse_screen/vga/line_cnt                                                                         | _mouse_screen/vga/line_cnt[9]_i_1_n_0                                                              |                4 |             10 |         2.50 |
|  clk_IBUF_BUFG                                   |                                                                                                    | next_move                                                                                          |                7 |             11 |         1.57 |
|  clk_25MHz                                       | _mouse_screen/mouse_controller_inst/mouse_ctrl_inst/Inst_Ps2Interface/delay_20us_count[10]_i_2_n_0 | _mouse_screen/mouse_controller_inst/mouse_ctrl_inst/Inst_Ps2Interface/delay_20us_count[10]_i_1_n_0 |                3 |             11 |         3.67 |
|  clk_25MHz                                       | _mouse_screen/mouse_controller_inst/mouse_ctrl_inst/y_new_reg_n_0                                  |                                                                                                    |                5 |             12 |         2.40 |
|  clk_25MHz                                       | _mouse_screen/mouse_controller_inst/mouse_ctrl_inst/x_new_reg_n_0                                  |                                                                                                    |                3 |             12 |         4.00 |
|  clk_25MHz                                       | _mouse_screen/mouse_controller_inst/mouse_ctrl_inst/Inst_Ps2Interface/delay_100us_count[0]_i_2_n_0 | _mouse_screen/mouse_controller_inst/mouse_ctrl_inst/Inst_Ps2Interface/clear                        |                4 |             14 |         3.50 |
|  clk_25MHz                                       |                                                                                                    | _mouse_screen/mouse_controller_inst/mouse_ctrl_inst/reset_timeout_cnt                              |                6 |             24 |         4.00 |
|  clk_25MHz                                       |                                                                                                    | _mouse_screen/mouse_controller_inst/mouse_ctrl_inst/reset_periodic_check_cnt                       |                8 |             26 |         3.25 |
|  clk_25MHz                                       |                                                                                                    |                                                                                                    |               15 |             38 |         2.53 |
|  clk_25MHz                                       |                                                                                                    | rst_IBUF                                                                                           |               17 |             61 |         3.59 |
|  pb_debounced_delay_reg_i_1_n_0                  |                                                                                                    | rst_IBUF                                                                                           |               78 |            130 |         1.67 |
|  clk_IBUF_BUFG                                   |                                                                                                    |                                                                                                    |              118 |            221 |         1.87 |
+--------------------------------------------------+----------------------------------------------------------------------------------------------------+----------------------------------------------------------------------------------------------------+------------------+----------------+--------------+


