Copyright 1986-2021 Xilinx, Inc. All Rights Reserved.
------------------------------------------------------------------------------------
| Tool Version : Vivado v.2021.1 (win64) Build 3247384 Thu Jun 10 19:36:33 MDT 2021
| Date         : Sun Jan 16 19:56:30 2022
| Host         : DESKTOP-HK49RQQ running 64-bit major release  (build 9200)
| Command      : report_control_sets -verbose -file Top_control_sets_placed.rpt
| Design       : Top
| Device       : xc7a35t
------------------------------------------------------------------------------------

Control Set Information

Table of Contents
-----------------
1. Summary
2. Histogram
3. Flip-Flop Distribution
4. Detailed Control Set Information

1. Summary
----------

+----------------------------------------------------------+-------+
|                          Status                          | Count |
+----------------------------------------------------------+-------+
| Total control sets                                       |    90 |
|    Minimum number of control sets                        |    90 |
|    Addition due to synthesis replication                 |     0 |
|    Addition due to physical synthesis replication        |     0 |
| Unused register locations in slices containing registers |   466 |
+----------------------------------------------------------+-------+
* Control sets can be merged at opt_design using control_set_merge or merge_equivalent_drivers
** Run report_qor_suggestions for automated merging and remapping suggestions


2. Histogram
------------

+--------------------+-------+
|       Fanout       | Count |
+--------------------+-------+
| Total control sets |    90 |
| >= 0 to < 4        |    61 |
| >= 4 to < 6        |     3 |
| >= 6 to < 8        |     5 |
| >= 8 to < 10       |     6 |
| >= 10 to < 12      |     6 |
| >= 12 to < 14      |     2 |
| >= 14 to < 16      |     1 |
| >= 16              |     6 |
+--------------------+-------+
* Control sets can be remapped at either synth_design or opt_design


3. Flip-Flop Distribution
-------------------------

+--------------+-----------------------+------------------------+-----------------+--------------+
| Clock Enable | Synchronous Set/Reset | Asynchronous Set/Reset | Total Registers | Total Slices |
+--------------+-----------------------+------------------------+-----------------+--------------+
| No           | No                    | No                     |             309 |          144 |
| No           | No                    | Yes                    |             198 |           84 |
| No           | Yes                   | No                     |              70 |           20 |
| Yes          | No                    | No                     |              57 |           19 |
| Yes          | No                    | Yes                    |              22 |            5 |
| Yes          | Yes                   | No                     |              46 |           14 |
+--------------+-----------------------+------------------------+-----------------+--------------+


4. Detailed Control Set Information
-----------------------------------

+------------------------------------------------------------------------+----------------------------------------------------------------------------------------------------+----------------------------------------------------------------------------------------------------+------------------+----------------+--------------+
|                              Clock Signal                              |                                            Enable Signal                                           |                                          Set/Reset Signal                                          | Slice Load Count | Bel Load Count | Bels / Slice |
+------------------------------------------------------------------------+----------------------------------------------------------------------------------------------------+----------------------------------------------------------------------------------------------------+------------------+----------------+--------------+
|  next_stars_taked_reg[3]_i_2_n_0                                       |                                                                                                    |                                                                                                    |                1 |              1 |         1.00 |
|  ready_obstacle_reg_i_2_n_0                                            |                                                                                                    |                                                                                                    |                1 |              1 |         1.00 |
|  next_stars_taked_reg[0]_i_1_n_0                                       |                                                                                                    |                                                                                                    |                1 |              1 |         1.00 |
|  next_stars_taked_reg[2]_i_1_n_0                                       |                                                                                                    |                                                                                                    |                1 |              1 |         1.00 |
|  next_stars_taked_reg[1]_i_1_n_0                                       |                                                                                                    |                                                                                                    |                1 |              1 |         1.00 |
|  _mouse_screen/mouse_controller_inst/mouse_ctrl_inst/state_reg[2]      |                                                                                                    |                                                                                                    |                1 |              1 |         1.00 |
|  _r_onepulse/pb_1pulse_reg_0                                           |                                                                                                    |                                                                                                    |                1 |              1 |         1.00 |
|  _mouse_screen/div26/clk26                                             |                                                                                                    |                                                                                                    |                1 |              1 |         1.00 |
|  nex_board_reg[72]_i_2_n_0                                             |                                                                                                    |                                                                                                    |                2 |              2 |         1.00 |
|  nex_board_reg[76]_i_2_n_0                                             |                                                                                                    |                                                                                                    |                1 |              2 |         2.00 |
|  nex_board_reg[78]_i_2_n_0                                             |                                                                                                    |                                                                                                    |                2 |              2 |         1.00 |
|  nex_board_reg[82]_i_2_n_0                                             |                                                                                                    |                                                                                                    |                1 |              2 |         2.00 |
|  nex_board_reg[86]_i_2_n_0                                             |                                                                                                    |                                                                                                    |                1 |              2 |         2.00 |
|  nex_board_reg[84]_i_2_n_0                                             |                                                                                                    |                                                                                                    |                1 |              2 |         2.00 |
|  nex_board_reg[90]_i_2_n_0                                             |                                                                                                    |                                                                                                    |                1 |              2 |         2.00 |
|  nex_board_reg[8]_i_2_n_0                                              |                                                                                                    |                                                                                                    |                1 |              2 |         2.00 |
|  nex_board_reg[88]_i_2_n_0                                             |                                                                                                    |                                                                                                    |                1 |              2 |         2.00 |
|  nex_board_reg[94]_i_2_n_0                                             |                                                                                                    |                                                                                                    |                1 |              2 |         2.00 |
|  nex_board_reg[96]_i_2_n_0                                             |                                                                                                    |                                                                                                    |                1 |              2 |         2.00 |
|  nex_board_reg[4]_i_2_n_0                                              |                                                                                                    |                                                                                                    |                2 |              2 |         1.00 |
|  nex_board_reg[92]_i_2_n_0                                             |                                                                                                    |                                                                                                    |                1 |              2 |         2.00 |
|  next_heart_reg[1]_i_2_n_0                                             |                                                                                                    |                                                                                                    |                1 |              2 |         2.00 |
|  next_stars_reg[1]_i_2_n_0                                             |                                                                                                    |                                                                                                    |                1 |              2 |         2.00 |
|  nex_board_reg[0]_i_2_n_0                                              |                                                                                                    |                                                                                                    |                1 |              2 |         2.00 |
|  nex_board_reg[12]_i_2_n_0                                             |                                                                                                    |                                                                                                    |                2 |              2 |         1.00 |
|  nex_board_reg[10]_i_2_n_0                                             |                                                                                                    |                                                                                                    |                1 |              2 |         2.00 |
|  nex_board_reg[16]_i_2_n_0                                             |                                                                                                    |                                                                                                    |                1 |              2 |         2.00 |
|  nex_board_reg[14]_i_2_n_0                                             |                                                                                                    |                                                                                                    |                1 |              2 |         2.00 |
|  nex_board_reg[18]_i_2_n_0                                             |                                                                                                    |                                                                                                    |                1 |              2 |         2.00 |
|  nex_board_reg[22]_i_2_n_0                                             |                                                                                                    |                                                                                                    |                1 |              2 |         2.00 |
|  nex_board_reg[20]_i_2_n_0                                             |                                                                                                    |                                                                                                    |                1 |              2 |         2.00 |
|  nex_board_reg[26]_i_2_n_0                                             |                                                                                                    |                                                                                                    |                2 |              2 |         1.00 |
|  nex_board_reg[24]_i_2_n_0                                             |                                                                                                    |                                                                                                    |                2 |              2 |         1.00 |
|  nex_board_reg[28]_i_2_n_0                                             |                                                                                                    |                                                                                                    |                1 |              2 |         2.00 |
|  nex_board_reg[30]_i_2_n_0                                             |                                                                                                    |                                                                                                    |                1 |              2 |         2.00 |
|  nex_board_reg[2]_i_2_n_0                                              |                                                                                                    |                                                                                                    |                1 |              2 |         2.00 |
|  nex_board_reg[32]_i_2_n_0                                             |                                                                                                    |                                                                                                    |                1 |              2 |         2.00 |
|  nex_board_reg[38]_i_2_n_0                                             |                                                                                                    |                                                                                                    |                1 |              2 |         2.00 |
|  nex_board_reg[36]_i_2_n_0                                             |                                                                                                    |                                                                                                    |                1 |              2 |         2.00 |
|  nex_board_reg[34]_i_2_n_0                                             |                                                                                                    |                                                                                                    |                1 |              2 |         2.00 |
|  nex_board_reg[40]_i_2_n_0                                             |                                                                                                    |                                                                                                    |                1 |              2 |         2.00 |
|  nex_board_reg[42]_i_2_n_0                                             |                                                                                                    |                                                                                                    |                1 |              2 |         2.00 |
|  nex_board_reg[46]_i_2_n_0                                             |                                                                                                    |                                                                                                    |                1 |              2 |         2.00 |
|  nex_board_reg[44]_i_2_n_0                                             |                                                                                                    |                                                                                                    |                2 |              2 |         1.00 |
|  nex_board_reg[48]_i_2_n_0                                             |                                                                                                    |                                                                                                    |                1 |              2 |         2.00 |
|  nex_board_reg[80]_i_2_n_0                                             |                                                                                                    |                                                                                                    |                1 |              2 |         2.00 |
|  nex_board_reg[50]_i_2_n_0                                             |                                                                                                    |                                                                                                    |                1 |              2 |         2.00 |
|  _l_onepulse/E[0]                                                      |                                                                                                    |                                                                                                    |                1 |              2 |         2.00 |
|  nex_board_reg[54]_i_2_n_0                                             |                                                                                                    |                                                                                                    |                1 |              2 |         2.00 |
|  nex_board_reg[52]_i_2_n_0                                             |                                                                                                    |                                                                                                    |                1 |              2 |         2.00 |
|  nex_board_reg[56]_i_2_n_0                                             |                                                                                                    |                                                                                                    |                1 |              2 |         2.00 |
|  nex_board_reg[58]_i_2_n_0                                             |                                                                                                    |                                                                                                    |                1 |              2 |         2.00 |
|  nex_board_reg[60]_i_2_n_0                                             |                                                                                                    |                                                                                                    |                1 |              2 |         2.00 |
|  nex_board_reg[62]_i_2_n_0                                             |                                                                                                    |                                                                                                    |                1 |              2 |         2.00 |
|  nex_board_reg[66]_i_2_n_0                                             |                                                                                                    |                                                                                                    |                1 |              2 |         2.00 |
|  nex_board_reg[64]_i_2_n_0                                             |                                                                                                    |                                                                                                    |                1 |              2 |         2.00 |
|  nex_board_reg[6]_i_2_n_0                                              |                                                                                                    |                                                                                                    |                2 |              2 |         1.00 |
|  nex_board_reg[70]_i_2_n_0                                             |                                                                                                    |                                                                                                    |                1 |              2 |         2.00 |
|  nex_board_reg[68]_i_2_n_0                                             |                                                                                                    |                                                                                                    |                2 |              2 |         1.00 |
|  nex_board_reg[74]_i_2_n_0                                             |                                                                                                    |                                                                                                    |                2 |              2 |         1.00 |
|  _mouse_screen/mouse_controller_inst/mouse_ctrl_inst/E[0]              |                                                                                                    |                                                                                                    |                2 |              3 |         1.50 |
|  clk_25MHz                                                             |                                                                                                    | _mouse_screen/mouse_controller_inst/mouse_ctrl_inst/Inst_Ps2Interface/clk_inter0                   |                1 |              4 |         4.00 |
|  clk_25MHz                                                             |                                                                                                    | _mouse_screen/mouse_controller_inst/mouse_ctrl_inst/Inst_Ps2Interface/data_inter0                  |                1 |              4 |         4.00 |
|  clk_25MHz                                                             | _mouse_screen/mouse_controller_inst/mouse_ctrl_inst/Inst_Ps2Interface/shift_frame                  | _mouse_screen/mouse_controller_inst/mouse_ctrl_inst/Inst_Ps2Interface/reset_bit_count              |                1 |              4 |         4.00 |
|  bomb_position_y__0                                                    |                                                                                                    |                                                                                                    |                3 |              6 |         2.00 |
|  clk_25MHz                                                             | _mouse_screen/mouse_controller_inst/mouse_ctrl_inst/Inst_Ps2Interface/FSM_onehot_state_reg[0]_1    | rst_IBUF                                                                                           |                1 |              6 |         6.00 |
|  _mouse_screen/mouse_controller_inst/mouse_ctrl_inst/state_reg[0]_0[0] |                                                                                                    |                                                                                                    |                3 |              6 |         2.00 |
|  clk_25MHz                                                             | _mouse_screen/mouse_controller_inst/mouse_ctrl_inst/Inst_Ps2Interface/delay_63clk_count[6]_i_2_n_0 | _mouse_screen/mouse_controller_inst/mouse_ctrl_inst/Inst_Ps2Interface/delay_63clk_count[6]_i_1_n_0 |                2 |              7 |         3.50 |
|  clk_25MHz                                                             | _mouse_screen/mouse_controller_inst/mouse_ctrl_inst/Inst_Ps2Interface/rst                          |                                                                                                    |                3 |              7 |         2.33 |
|  clk_25MHz                                                             | _mouse_screen/mouse_controller_inst/mouse_ctrl_inst/tx_data[7]_i_1_n_0                             |                                                                                                    |                3 |              8 |         2.67 |
|  next_animation_counter_reg[7]_i_2_n_0                                 |                                                                                                    |                                                                                                    |                3 |              8 |         2.67 |
|  clk_25MHz                                                             | _mouse_screen/mouse_controller_inst/mouse_ctrl_inst/Inst_Ps2Interface/FSM_onehot_state_reg[0]_0[0] | rst_IBUF                                                                                           |                2 |              8 |         4.00 |
|  clk_25MHz                                                             | _mouse_screen/mouse_controller_inst/mouse_ctrl_inst/Inst_Ps2Interface/E[0]                         | rst_IBUF                                                                                           |                2 |              8 |         4.00 |
|  clk_25MHz                                                             | _mouse_screen/mouse_controller_inst/mouse_ctrl_inst/Inst_Ps2Interface/load_rx_data                 |                                                                                                    |                1 |              8 |         8.00 |
|  _seven_segment_controler/_led_clock_divider/CLK                       |                                                                                                    | rst_IBUF                                                                                           |                2 |              9 |         4.50 |
|  clk_25MHz                                                             |                                                                                                    | _mouse_screen/vga/pixel_cnt[9]_i_1_n_0                                                             |                3 |             10 |         3.33 |
|  clk_25MHz                                                             | _mouse_screen/vga/line_cnt                                                                         | _mouse_screen/vga/line_cnt[9]_i_1_n_0                                                              |                4 |             10 |         2.50 |
|  clk_25MHz                                                             | _mouse_screen/mouse_controller_inst/mouse_ctrl_inst/Inst_Ps2Interface/frame[9]_i_1_n_0             |                                                                                                    |                3 |             10 |         3.33 |
|  _u_onepulse/E[0]                                                      |                                                                                                    |                                                                                                    |                5 |             10 |         2.00 |
|  pb_debounced_delay_reg_i_1_n_0                                        |                                                                                                    |                                                                                                    |                3 |             10 |         3.33 |
|  clk_25MHz                                                             | _mouse_screen/mouse_controller_inst/mouse_ctrl_inst/Inst_Ps2Interface/delay_20us_count[10]_i_2_n_0 | _mouse_screen/mouse_controller_inst/mouse_ctrl_inst/Inst_Ps2Interface/delay_20us_count[10]_i_1_n_0 |                3 |             11 |         3.67 |
|  clk_25MHz                                                             | _mouse_screen/mouse_controller_inst/mouse_ctrl_inst/y_new_reg_n_0                                  |                                                                                                    |                4 |             12 |         3.00 |
|  clk_25MHz                                                             | _mouse_screen/mouse_controller_inst/mouse_ctrl_inst/x_new_reg_n_0                                  |                                                                                                    |                5 |             12 |         2.40 |
|  clk_25MHz                                                             | _mouse_screen/mouse_controller_inst/mouse_ctrl_inst/Inst_Ps2Interface/delay_100us_count[0]_i_2_n_0 | _mouse_screen/mouse_controller_inst/mouse_ctrl_inst/Inst_Ps2Interface/clear                        |                4 |             14 |         3.50 |
|  clk_25MHz                                                             |                                                                                                    | _mouse_screen/mouse_controller_inst/mouse_ctrl_inst/reset_timeout_cnt                              |                7 |             24 |         3.43 |
|  clk_25MHz                                                             |                                                                                                    | _mouse_screen/mouse_controller_inst/mouse_ctrl_inst/reset_periodic_check_cnt                       |                6 |             26 |         4.33 |
|  clk_25MHz                                                             |                                                                                                    |                                                                                                    |               22 |             38 |         1.73 |
|  clk_25MHz                                                             |                                                                                                    | rst_IBUF                                                                                           |               18 |             61 |         3.39 |
|  clk_IBUF_BUFG                                                         |                                                                                                    |                                                                                                    |               33 |            116 |         3.52 |
|  pb_debounced_delay_reg_i_1_n_0                                        |                                                                                                    | rst_IBUF                                                                                           |               66 |            130 |         1.97 |
+------------------------------------------------------------------------+----------------------------------------------------------------------------------------------------+----------------------------------------------------------------------------------------------------+------------------+----------------+--------------+


